// Jest Snapshot v1, https://goo.gl/fbAQLP

exports[`CounterComponent Tests It must to show the <CounterComponent/> component in the correct way 1`] = `
<Fragment>
  <h1>
    Counter Component
  </h1>
  <h2>
    10
  </h2>
  <button
    onClick={[Function]}
  >
    +1
  </button>
  <button
    onClick={[Function]}
  >
    reset
  </button>
  <button
    onClick={[Function]}
  >
    -1
  </button>
</Fragment>
`;
